
> portfolio-website@0.1.0 build
> next build

npm :  ΓÜá Warning: Next.js 
inferred your workspace 
root, but it may not be 
correct.
At line:1 char:1
+ npm run build > 
build_output.txt 2>&1
+ ~~~~~~~~~~~~~~~~~~~~~~~~~~
~~~~~~~~~~~
    + CategoryInfo          
    : NotSpecified: ( ΓÜá   
  Warning: N...not be cor   
 rect.:String) [], Remot    
eException
    + FullyQualifiedErrorId 
    : NativeCommandError
 
 We detected multiple 
lockfiles and selected the 
directory of C:\Users\rashm\
package-lock.json as the 
root directory.
 To silence this warning, 
set `outputFileTracingRoot` 
in your Next.js config, or 
consider removing one of 
the lockfiles if it's not 
needed.
   See https://nextjs.org/do
cs/app/api-reference/config/
next-config-js/output#caveat
s for more information.
 Detected additional 
lockfiles: 
   * C:\Users\rashm\portfoli
o-website\package-lock.json

   Γû▓ Next.js 15.5.4
   - Environments: .env.local

   Creating an optimized production build ...
 Γ£ô Compiled successfully in 2.0s
   Linting and checking validity of types ...

./src/app/page.tsx
3:38  Warning: 'JSX' is defined but never used.  @typescript-eslint/no-unused-vars
4:48  Warning: 'Download' is defined but never used.  @typescript-eslint/no-unused-vars

info  - Need to disable some ESLint rules? Learn more here: https://nextjs.org/docs/app/api-reference/config/eslint#disabling-rules
Failed to compile.

.next/types/app/api/contact/
route.ts:2:24
Type error: File 'C:/Users/r
ashm/portfolio-website/src/a
pp/api/contact/route.ts' is 
not a module.

[0m [90m 1 |[39m [90m// 
File: C:\Users\rashm\portfol
io-website\src\app\api\conta
ct\route.ts[39m
[31m[1m>[22m[39m[90m 2 
|[39m [36mimport[39m 
[33m*[39m [36mas[39m 
entry [36mfrom[39m [32m'.
./../../../../src/app/api/co
ntact/route.js'[39m
 [90m   |[39m             
           
[31m[1m^[22m[39m
 [90m 3 |[39m 
[36mimport[39m type { 
[33mNextRequest[39m } 
[36mfrom[39m 
[32m'next/server.js'[39m
 [90m 4 |[39m
 [90m 5 |[39m type 
[33mTEntry[39m 
[33m=[39m 
[36mtypeof[39m [36mimport
[39m([32m'../../../../../s
rc/app/api/contact/route.js'
[39m)[0m
Next.js build worker exited 
with code: 1 and signal: 
null
